// Jest Snapshot v1, https://goo.gl/fbAQLP

exports[`Footer matches snapshot 1`] = `
<footer
  className="mt-auto py-3 text-center container"
>
  <p>
    Â©QA Ltd 2019-
  </p>
</footer>
`;
